
   PASS  Tests\Unit\ExampleTest
  Γ£ô that true is true                            0.01s  

   PASS  Tests\Feature\Auth\AuthenticationTest
  Γ£ô login screen can be rendered                 0.58s  
  Γ£ô users can authenticate using the login screΓÇª 0.09s  
  Γ£ô users can not authenticate with invalid pasΓÇª 0.26s  
  Γ£ô users can logout                             0.09s  

   FAIL  Tests\Feature\Auth\EmailVerificationTest
  Γ£ô email verification screen can be rendered    0.04s  
  Γ¿» email can be verified                        1.80s  
  Γ£ô email is not verified with invalid hash      0.03s  

   FAIL  Tests\Feature\Auth\PasswordConfirmationTest
  Γ£ô confirm password screen can be rendered      0.03s  
  Γ¿» password can be confirmed                    0.74s  
  Γ£ô password is not confirmed with invalid passΓÇª 0.24s  

   PASS  Tests\Feature\Auth\PasswordResetTest
  Γ£ô reset password link screen can be rendered   0.09s  
  Γ£ô reset password link can be requested         0.26s  
  Γ£ô reset password screen can be rendered        0.31s  
  Γ£ô password can be reset with valid token       0.33s  

   PASS  Tests\Feature\Auth\PasswordUpdateTest
  Γ£ô password can be updated                      0.08s  
  Γ£ô correct password must be provided to updateΓÇª 0.03s  

   FAIL  Tests\Feature\Auth\RegistrationTest
  Γ£ô registration screen can be rendered          0.03s  
  Γ¿» new users can register                       1.69s  

   FAIL  Tests\Feature\ExampleTest
  Γ¿» the application returns a successful responΓÇª 0.03s  

   FAIL  Tests\Feature\ProfileTest
  Γ£ô profile page is displayed                    0.04s  
  Γ¿» profile information can be updated           0.64s  
  Γ¿» email verification status is unchanged whenΓÇª 0.63s  
  Γ¿» user can delete their account                0.62s  
  Γ¿» correct password must be provided to deleteΓÇª 0.62s  
  ΓöÇΓöÇΓöÇΓöÇΓöÇΓöÇΓöÇΓöÇΓöÇΓöÇΓöÇΓöÇΓöÇΓöÇΓöÇΓöÇΓöÇΓöÇΓöÇΓöÇΓöÇΓöÇΓöÇΓöÇΓöÇΓöÇΓöÇΓöÇΓöÇΓöÇΓöÇΓöÇΓöÇΓöÇΓöÇΓöÇΓöÇΓöÇΓöÇΓöÇΓöÇΓöÇΓöÇΓöÇΓöÇΓöÇΓöÇΓöÇΓöÇΓöÇΓöÇΓöÇ  
   FAILED  Tests\Feature\AutΓÇª  RouteNotFoundException   
  Route [dashboard] not defined.

  at vendor\laravel\framework\src\Illuminate\Routing\UrlGenerator.php:536
    532Γûò             ! is_null($url = call_user_func($this->missingNamedRouteResolver, $name, $parameters, $absolute))) {
    533Γûò             return $url;
    534Γûò         }
    535Γûò 
  Γ₧£ 536Γûò         throw new RouteNotFoundException("Route [{$name}] not defined.");
    537Γûò     }
    538Γûò 
    539Γûò     /**
    540Γûò      * Get the URL for a given route instance.

  1   vendor\laravel\framework\src\Illuminate\Routing\UrlGenerator.php:536
  2   vendor\laravel\framework\src\Illuminate\Foundation\helpers.php:870

  ΓöÇΓöÇΓöÇΓöÇΓöÇΓöÇΓöÇΓöÇΓöÇΓöÇΓöÇΓöÇΓöÇΓöÇΓöÇΓöÇΓöÇΓöÇΓöÇΓöÇΓöÇΓöÇΓöÇΓöÇΓöÇΓöÇΓöÇΓöÇΓöÇΓöÇΓöÇΓöÇΓöÇΓöÇΓöÇΓöÇΓöÇΓöÇΓöÇΓöÇΓöÇΓöÇΓöÇΓöÇΓöÇΓöÇΓöÇΓöÇΓöÇΓöÇΓöÇΓöÇ  
   FAILED  Tests\Feature\Auth\PasswordConfirmationTeΓÇª   
  Expected response status code [201, 301, 302, 303, 307, 308] but received 500.
Failed asserting that false is true.

The following exception occurred during the last request:

Symfony\Component\Routing\Exception\RouteNotFoundException: Route [dashboard] not defined. in C:\laragon\www\jurnal-pkl-app\vendor\laravel\framework\src\Illuminate\Routing\UrlGenerator.php:536
Stack trace:
#0 C:\laragon\www\jurnal-pkl-app\vendor\laravel\framework\src\Illuminate\Foundation\helpers.php(870): Illuminate\Routing\UrlGenerator->route('dashboard', Array, false)
#1 C:\laragon\www\jurnal-pkl-app\app\Http\Controllers\Auth\ConfirmablePasswordController.php(39): route('dashboard', Array, false)
#2 C:\laragon\www\jurnal-pkl-app\vendor\laravel\framework\src\Illuminate\Routing\ControllerDispatcher.php(46): App\Http\Controllers\Auth\ConfirmablePasswordController->store(Object(Illuminate\Http\Request))
#3 C:\laragon\www\jurnal-pkl-app\vendor\laravel\framework\src\Illuminate\Routing\Route.php(269): Illuminate\Routing\ControllerDispatcher->dispatch(Object(Illuminate\Routing\Route), Object(App\Http\Controllers\Auth\ConfirmablePasswordController), 'store')
#4 C:\laragon\www\jurnal-pkl-app\vendor\laravel\framework\src\Illuminate\Routing\Route.php(215): Illuminate\Routing\Route->runController()
#5 C:\laragon\www\jurnal-pkl-app\vendor\laravel\framework\src\Illuminate\Routing\Router.php(822): Illuminate\Routing\Route->run()
#6 C:\laragon\www\jurnal-pkl-app\vendor\laravel\framework\src\Illuminate\Pipeline\Pipeline.php(180): Illuminate\Routing\Router->Illuminate\Routing\{closure}(Object(Illuminate\Http\Request))
#7 C:\laragon\www\jurnal-pkl-app\vendor\laravel\framework\src\Illuminate\Http\Middleware\AddLinkHeadersForPreloadedAssets.php(32): Illuminate\Pipeline\Pipeline->Illuminate\Pipeline\{closure}(Object(Illuminate\Http\Request))
#8 C:\laragon\www\jurnal-pkl-app\vendor\laravel\framework\src\Illuminate\Pipeline\Pipeline.php(219): Illuminate\Http\Middleware\AddLinkHeadersForPreloadedAssets->handle(Object(Illuminate\Http\Request), Object(Closure))
#9 C:\laragon\www\jurnal-pkl-app\vendor\inertiajs\inertia-laravel\src\Middleware.php(122): Illuminate\Pipeline\Pipeline->Illuminate\Pipeline\{closure}(Object(Illuminate\Http\Request))
#10 C:\laragon\www\jurnal-pkl-app\vendor\laravel\framework\src\Illuminate\Pipeline\Pipeline.php(219): Inertia\Middleware->handle(Object(Illuminate\Http\Request), Object(Closure))
#11 C:\laragon\www\jurnal-pkl-app\vendor\laravel\framework\src\Illuminate\Routing\Middleware\SubstituteBindings.php(52): Illuminate\Pipeline\Pipeline->Illuminate\Pipeline\{closure}(Object(Illuminate\Http\Request))
#12 C:\laragon\www\jurnal-pkl-app\vendor\laravel\framework\src\Illuminate\Pipeline\Pipeline.php(219): Illuminate\Routing\Middleware\SubstituteBindings->handle(Object(Illuminate\Http\Request), Object(Closure))
#13 C:\laragon\www\jurnal-pkl-app\vendor\laravel\framework\src\Illuminate\Auth\Middleware\Authenticate.php(63): Illuminate\Pipeline\Pipeline->Illuminate\Pipeline\{closure}(Object(Illuminate\Http\Request))
#14 C:\laragon\www\jurnal-pkl-app\vendor\laravel\framework\src\Illuminate\Pipeline\Pipeline.php(219): Illuminate\Auth\Middleware\Authenticate->handle(Object(Illuminate\Http\Request), Object(Closure))
#15 C:\laragon\www\jurnal-pkl-app\vendor\laravel\framework\src\Illuminate\Foundation\Http\Middleware\PreventRequestForgery.php(104): Illuminate\Pipeline\Pipeline->Illuminate\Pipeline\{closure}(Object(Illuminate\Http\Request))
#16 C:\laragon\www\jurnal-pkl-app\vendor\laravel\framework\src\Illuminate\Pipeline\Pipeline.php(219): Illuminate\Foundation\Http\Middleware\PreventRequestForgery->handle(Object(Illuminate\Http\Request), Object(Closure))
#17 C:\laragon\www\jurnal-pkl-app\vendor\laravel\framework\src\Illuminate\View\Middleware\ShareErrorsFromSession.php(48): Illuminate\Pipeline\Pipeline->Illuminate\Pipeline\{closure}(Object(Illuminate\Http\Request))
#18 C:\laragon\www\jurnal-pkl-app\vendor\laravel\framework\src\Illuminate\Pipeline\Pipeline.php(219): Illuminate\View\Middleware\ShareErrorsFromSession->handle(Object(Illuminate\Http\Request), Object(Closure))
#19 C:\laragon\www\jurnal-pkl-app\vendor\laravel\framework\src\Illuminate\Session\Middleware\StartSession.php(120): Illuminate\Pipeline\Pipeline->Illuminate\Pipeline\{closure}(Object(Illuminate\Http\Request))
#20 C:\laragon\www\jurnal-pkl-app\vendor\laravel\framework\src\Illuminate\Session\Middleware\StartSession.php(63): Illuminate\Session\Middleware\StartSession->handleStatefulRequest(Object(Illuminate\Http\Request), Object(Illuminate\Session\Store), Object(Closure))
#21 C:\laragon\www\jurnal-pkl-app\vendor\laravel\framework\src\Illuminate\Pipeline\Pipeline.php(219): Illuminate\Session\Middleware\StartSession->handle(Object(Illuminate\Http\Request), Object(Closure))
#22 C:\laragon\www\jurnal-pkl-app\vendor\laravel\framework\src\Illuminate\Cookie\Middleware\AddQueuedCookiesToResponse.php(36): Illuminate\Pipeline\Pipeline->Illuminate\Pipeline\{closure}(Object(Illuminate\Http\Request))
#23 C:\laragon\www\jurnal-pkl-app\vendor\laravel\framework\src\Illuminate\Pipeline\Pipeline.php(219): Illuminate\Cookie\Middleware\AddQueuedCookiesToResponse->handle(Object(Illuminate\Http\Request), Object(Closure))
#24 C:\laragon\www\jurnal-pkl-app\vendor\laravel\framework\src\Illuminate\Cookie\Middleware\EncryptCookies.php(74): Illuminate\Pipeline\Pipeline->Illuminate\Pipeline\{closure}(Object(Illuminate\Http\Request))
#25 C:\laragon\www\jurnal-pkl-app\vendor\laravel\framework\src\Illuminate\Pipeline\Pipeline.php(219): Illuminate\Cookie\Middleware\EncryptCookies->handle(Object(Illuminate\Http\Request), Object(Closure))
#26 C:\laragon\www\jurnal-pkl-app\vendor\laravel\framework\src\Illuminate\Pipeline\Pipeline.php(137): Illuminate\Pipeline\Pipeline->Illuminate\Pipeline\{closure}(Object(Illuminate\Http\Request))
#27 C:\laragon\www\jurnal-pkl-app\vendor\laravel\framework\src\Illuminate\Routing\Router.php(821): Illuminate\Pipeline\Pipeline->then(Object(Closure))
#28 C:\laragon\www\jurnal-pkl-app\vendor\laravel\framework\src\Illuminate\Routing\Router.php(800): Illuminate\Routing\Router->runRouteWithinStack(Object(Illuminate\Routing\Route), Object(Illuminate\Http\Request))
#29 C:\laragon\www\jurnal-pkl-app\vendor\laravel\framework\src\Illuminate\Routing\Router.php(764): Illuminate\Routing\Router->runRoute(Object(Illuminate\Http\Request), Object(Illuminate\Routing\Route))
#30 C:\laragon\www\jurnal-pkl-app\vendor\laravel\framework\src\Illuminate\Routing\Router.php(753): Illuminate\Routing\Router->dispatchToRoute(Object(Illuminate\Http\Request))
#31 C:\laragon\www\jurnal-pkl-app\vendor\laravel\framework\src\Illuminate\Foundation\Http\Kernel.php(200): Illuminate\Routing\Router->dispatch(Object(Illuminate\Http\Request))
#32 C:\laragon\www\jurnal-pkl-app\vendor\laravel\framework\src\Illuminate\Pipeline\Pipeline.php(180): Illuminate\Foundation\Http\Kernel->Illuminate\Foundation\Http\{closure}(Object(Illuminate\Http\Request))
#33 C:\laragon\www\jurnal-pkl-app\vendor\laravel\framework\src\Illuminate\Foundation\Http\Middleware\TransformsRequest.php(21): Illuminate\Pipeline\Pipeline->Illuminate\Pipeline\{closure}(Object(Illuminate\Http\Request))
#34 C:\laragon\www\jurnal-pkl-app\vendor\laravel\framework\src\Illuminate\Foundation\Http\Middleware\ConvertEmptyStringsToNull.php(31): Illuminate\Foundation\Http\Middleware\TransformsRequest->handle(Object(Illuminate\Http\Request), Object(Closure))
#35 C:\laragon\www\jurnal-pkl-app\vendor\laravel\framework\src\Illuminate\Pipeline\Pipeline.php(219): Illuminate\Foundation\Http\Middleware\ConvertEmptyStringsToNull->handle(Object(Illuminate\Http\Request), Object(Closure))
#36 C:\laragon\www\jurnal-pkl-app\vendor\laravel\framework\src\Illuminate\Foundation\Http\Middleware\TransformsRequest.php(21): Illuminate\Pipeline\Pipeline->Illuminate\Pipeline\{closure}(Object(Illuminate\Http\Request))
#37 C:\laragon\www\jurnal-pkl-app\vendor\laravel\framework\src\Illuminate\Foundation\Http\Middleware\TrimStrings.php(51): Illuminate\Foundation\Http\Middleware\TransformsRequest->handle(Object(Illuminate\Http\Request), Object(Closure))
#38 C:\laragon\www\jurnal-pkl-app\vendor\laravel\framework\src\Illuminate\Pipeline\Pipeline.php(219): Illuminate\Foundation\Http\Middleware\TrimStrings->handle(Object(Illuminate\Http\Request), Object(Closure))
#39 C:\laragon\www\jurnal-pkl-app\vendor\laravel\framework\src\Illuminate\Http\Middleware\ValidatePostSize.php(27): Illuminate\Pipeline\Pipeline->Illuminate\Pipeline\{closure}(Object(Illuminate\Http\Request))
#40 C:\laragon\www\jurnal-pkl-app\vendor\laravel\framework\src\Illuminate\Pipeline\Pipeline.php(219): Illuminate\Http\Middleware\ValidatePostSize->handle(Object(Illuminate\Http\Request), Object(Closure))
#41 C:\laragon\www\jurnal-pkl-app\vendor\laravel\framework\src\Illuminate\Foundation\Http\Middleware\PreventRequestsDuringMaintenance.php(109): Illuminate\Pipeline\Pipeline->Illuminate\Pipeline\{closure}(Object(Illuminate\Http\Request))
#42 C:\laragon\www\jurnal-pkl-app\vendor\laravel\framework\src\Illuminate\Pipeline\Pipeline.php(219): Illuminate\Foundation\Http\Middleware\PreventRequestsDuringMaintenance->handle(Object(Illuminate\Http\Request), Object(Closure))
#43 C:\laragon\www\jurnal-pkl-app\vendor\laravel\framework\src\Illuminate\Http\Middleware\HandleCors.php(61): Illuminate\Pipeline\Pipeline->Illuminate\Pipeline\{closure}(Object(Illuminate\Http\Request))
#44 C:\laragon\www\jurnal-pkl-app\vendor\laravel\framework\src\Illuminate\Pipeline\Pipeline.php(219): Illuminate\Http\Middleware\HandleCors->handle(Object(Illuminate\Http\Request), Object(Closure))
#45 C:\laragon\www\jurnal-pkl-app\vendor\laravel\framework\src\Illuminate\Http\Middleware\TrustProxies.php(58): Illuminate\Pipeline\Pipeline->Illuminate\Pipeline\{closure}(Object(Illuminate\Http\Request))
#46 C:\laragon\www\jurnal-pkl-app\vendor\laravel\framework\src\Illuminate\Pipeline\Pipeline.php(219): Illuminate\Http\Middleware\TrustProxies->handle(Object(Illuminate\Http\Request), Object(Closure))
#47 C:\laragon\www\jurnal-pkl-app\vendor\laravel\framework\src\Illuminate\Foundation\Http\Middleware\InvokeDeferredCallbacks.php(22): Illuminate\Pipeline\Pipeline->Illuminate\Pipeline\{closure}(Object(Illuminate\Http\Request))
#48 C:\laragon\www\jurnal-pkl-app\vendor\laravel\framework\src\Illuminate\Pipeline\Pipeline.php(219): Illuminate\Foundation\Http\Middleware\InvokeDeferredCallbacks->handle(Object(Illuminate\Http\Request), Object(Closure))
#49 C:\laragon\www\jurnal-pkl-app\vendor\laravel\framework\src\Illuminate\Http\Middleware\ValidatePathEncoding.php(28): Illuminate\Pipeline\Pipeline->Illuminate\Pipeline\{closure}(Object(Illuminate\Http\Request))
#50 C:\laragon\www\jurnal-pkl-app\vendor\laravel\framework\src\Illuminate\Pipeline\Pipeline.php(219): Illuminate\Http\Middleware\ValidatePathEncoding->handle(Object(Illuminate\Http\Request), Object(Closure))
#51 C:\laragon\www\jurnal-pkl-app\vendor\laravel\framework\src\Illuminate\Pipeline\Pipeline.php(137): Illuminate\Pipeline\Pipeline->Illuminate\Pipeline\{closure}(Object(Illuminate\Http\Request))
#52 C:\laragon\www\jurnal-pkl-app\vendor\laravel\framework\src\Illuminate\Foundation\Http\Kernel.php(175): Illuminate\Pipeline\Pipeline->then(Object(Closure))
#53 C:\laragon\www\jurnal-pkl-app\vendor\laravel\framework\src\Illuminate\Foundation\Http\Kernel.php(144): Illuminate\Foundation\Http\Kernel->sendRequestThroughRouter(Object(Illuminate\Http\Request))
#54 C:\laragon\www\jurnal-pkl-app\vendor\laravel\framework\src\Illuminate\Foundation\Testing\Concerns\MakesHttpRequests.php(607): Illuminate\Foundation\Http\Kernel->handle(Object(Illuminate\Http\Request))
#55 C:\laragon\www\jurnal-pkl-app\vendor\laravel\framework\src\Illuminate\Foundation\Testing\Concerns\MakesHttpRequests.php(397): Illuminate\Foundation\Testing\TestCase->call('POST', '/confirm-passwo...', Array, Array, Array, Array)
#56 C:\laragon\www\jurnal-pkl-app\tests\Feature\Auth\PasswordConfirmationTest.php(26): Illuminate\Foundation\Testing\TestCase->post('/confirm-passwo...', Array)
#57 C:\laragon\www\jurnal-pkl-app\vendor\phpunit\phpunit\src\Framework\TestCase.php(1332): Tests\Feature\Auth\PasswordConfirmationTest->test_password_can_be_confirmed()
#58 C:\laragon\www\jurnal-pkl-app\vendor\phpunit\phpunit\src\Framework\TestCase.php(519): PHPUnit\Framework\TestCase->runTest()
#59 C:\laragon\www\jurnal-pkl-app\vendor\phpunit\phpunit\src\Framework\TestRunner\TestRunner.php(99): PHPUnit\Framework\TestCase->runBare()
#60 C:\laragon\www\jurnal-pkl-app\vendor\phpunit\phpunit\src\Framework\TestCase.php(359): PHPUnit\Framework\TestRunner->run(Object(Tests\Feature\Auth\PasswordConfirmationTest))
#61 C:\laragon\www\jurnal-pkl-app\vendor\phpunit\phpunit\src\Framework\TestSuite.php(374): PHPUnit\Framework\TestCase->run()
#62 C:\laragon\www\jurnal-pkl-app\vendor\phpunit\phpunit\src\Framework\TestSuite.php(374): PHPUnit\Framework\TestSuite->run()
#63 C:\laragon\www\jurnal-pkl-app\vendor\phpunit\phpunit\src\Framework\TestSuite.php(374): PHPUnit\Framework\TestSuite->run()
#64 C:\laragon\www\jurnal-pkl-app\vendor\phpunit\phpunit\src\TextUI\TestRunner.php(64): PHPUnit\Framework\TestSuite->run()
#65 C:\laragon\www\jurnal-pkl-app\vendor\phpunit\phpunit\src\TextUI\Application.php(229): PHPUnit\TextUI\TestRunner->run(Object(PHPUnit\TextUI\Configuration\Configuration), Object(PHPUnit\Runner\ResultCache\DefaultResultCache), Object(PHPUnit\Framework\TestSuite))
#66 C:\laragon\www\jurnal-pkl-app\vendor\phpunit\phpunit\phpunit(104): PHPUnit\TextUI\Application->run(Array)
#67 {main}

----------------------------------------------------------------------------------

Route [dashboard] not defined.

  at tests\Feature\Auth\PasswordConfirmationTest.php:30
     26Γûò         $response = $this->actingAs($user)->post('/confirm-password', [
     27Γûò             'password' => 'password',
     28Γûò         ]);
     29Γûò 
  Γ₧£  30Γûò         $response->assertRedirect();
     31Γûò         $response->assertSessionHasNoErrors();
     32Γûò     }
     33Γûò 
     34Γûò     public function test_password_is_not_confirmed_with_invalid_password(): void

  ΓöÇΓöÇΓöÇΓöÇΓöÇΓöÇΓöÇΓöÇΓöÇΓöÇΓöÇΓöÇΓöÇΓöÇΓöÇΓöÇΓöÇΓöÇΓöÇΓöÇΓöÇΓöÇΓöÇΓöÇΓöÇΓöÇΓöÇΓöÇΓöÇΓöÇΓöÇΓöÇΓöÇΓöÇΓöÇΓöÇΓöÇΓöÇΓöÇΓöÇΓöÇΓöÇΓöÇΓöÇΓöÇΓöÇΓöÇΓöÇΓöÇΓöÇΓöÇΓöÇ  
   FAILED  Tests\Feature\Auth\RegistrationTest > newΓÇª   
  The user is not authenticated
Failed asserting that false is true.

  at tests\Feature\Auth\RegistrationTest.php:28
     24Γûò             'password' => 'password',
     25Γûò             'password_confirmation' => 'password',
     26Γûò         ]);
     27Γûò 
  Γ₧£  28Γûò         $this->assertAuthenticated();
     29Γûò         $response->assertRedirect(route('dashboard', absolute: false));
     30Γûò     }
     31Γûò }
     32Γûò

  ΓöÇΓöÇΓöÇΓöÇΓöÇΓöÇΓöÇΓöÇΓöÇΓöÇΓöÇΓöÇΓöÇΓöÇΓöÇΓöÇΓöÇΓöÇΓöÇΓöÇΓöÇΓöÇΓöÇΓöÇΓöÇΓöÇΓöÇΓöÇΓöÇΓöÇΓöÇΓöÇΓöÇΓöÇΓöÇΓöÇΓöÇΓöÇΓöÇΓöÇΓöÇΓöÇΓöÇΓöÇΓöÇΓöÇΓöÇΓöÇΓöÇΓöÇΓöÇΓöÇ  
   FAILED  Tests\Feature\ExampleTest > the applicatiΓÇª   
  Expected response status code [200] but received 302.
Failed asserting that 302 is identical to 200.

  at tests\Feature\ExampleTest.php:17
     13Γûò     public function test_the_application_returns_a_successful_response(): void
     14Γûò     {
     15Γûò         $response = $this->get('/');
     16Γûò 
  Γ₧£  17Γûò         $response->assertStatus(200);
     18Γûò     }
     19Γûò }
     20Γûò

  ΓöÇΓöÇΓöÇΓöÇΓöÇΓöÇΓöÇΓöÇΓöÇΓöÇΓöÇΓöÇΓöÇΓöÇΓöÇΓöÇΓöÇΓöÇΓöÇΓöÇΓöÇΓöÇΓöÇΓöÇΓöÇΓöÇΓöÇΓöÇΓöÇΓöÇΓöÇΓöÇΓöÇΓöÇΓöÇΓöÇΓöÇΓöÇΓöÇΓöÇΓöÇΓöÇΓöÇΓöÇΓöÇΓöÇΓöÇΓöÇΓöÇΓöÇΓöÇΓöÇ  
   FAILED  Tests\Feature\ProfileTest > profile inforΓÇª   
  Expected response status code [201, 301, 302, 303, 307, 308] but received 405.
Failed asserting that false is true.

  at tests\Feature\ProfileTest.php:37
     33Γûò             ]);
     34Γûò 
     35Γûò         $response
     36Γûò             ->assertSessionHasNoErrors()
  Γ₧£  37Γûò             ->assertRedirect('/profile');
     38Γûò 
     39Γûò         $user->refresh();
     40Γûò 
     41Γûò         $this->assertSame('Test User', $user->name);

  ΓöÇΓöÇΓöÇΓöÇΓöÇΓöÇΓöÇΓöÇΓöÇΓöÇΓöÇΓöÇΓöÇΓöÇΓöÇΓöÇΓöÇΓöÇΓöÇΓöÇΓöÇΓöÇΓöÇΓöÇΓöÇΓöÇΓöÇΓöÇΓöÇΓöÇΓöÇΓöÇΓöÇΓöÇΓöÇΓöÇΓöÇΓöÇΓöÇΓöÇΓöÇΓöÇΓöÇΓöÇΓöÇΓöÇΓöÇΓöÇΓöÇΓöÇΓöÇΓöÇ  
   FAILED  Tests\Feature\ProfileTest > email verificΓÇª   
  Expected response status code [201, 301, 302, 303, 307, 308] but received 405.
Failed asserting that false is true.

  at tests\Feature\ProfileTest.php:59
     55Γûò             ]);
     56Γûò 
     57Γûò         $response
     58Γûò             ->assertSessionHasNoErrors()
  Γ₧£  59Γûò             ->assertRedirect('/profile');
     60Γûò 
     61Γûò         $this->assertNotNull($user->refresh()->email_verified_at);
     62Γûò     }
     63Γûò

  ΓöÇΓöÇΓöÇΓöÇΓöÇΓöÇΓöÇΓöÇΓöÇΓöÇΓöÇΓöÇΓöÇΓöÇΓöÇΓöÇΓöÇΓöÇΓöÇΓöÇΓöÇΓöÇΓöÇΓöÇΓöÇΓöÇΓöÇΓöÇΓöÇΓöÇΓöÇΓöÇΓöÇΓöÇΓöÇΓöÇΓöÇΓöÇΓöÇΓöÇΓöÇΓöÇΓöÇΓöÇΓöÇΓöÇΓöÇΓöÇΓöÇΓöÇΓöÇΓöÇ  
   FAILED  Tests\Feature\ProfileTest > user can deleΓÇª   
  Expected response status code [201, 301, 302, 303, 307, 308] but received 405.
Failed asserting that false is true.

  at tests\Feature\ProfileTest.php:76
     72Γûò             ]);
     73Γûò 
     74Γûò         $response
     75Γûò             ->assertSessionHasNoErrors()
  Γ₧£  76Γûò             ->assertRedirect('/');
     77Γûò 
     78Γûò         $this->assertGuest();
     79Γûò         $this->assertNull($user->fresh());
     80Γûò     }

  ΓöÇΓöÇΓöÇΓöÇΓöÇΓöÇΓöÇΓöÇΓöÇΓöÇΓöÇΓöÇΓöÇΓöÇΓöÇΓöÇΓöÇΓöÇΓöÇΓöÇΓöÇΓöÇΓöÇΓöÇΓöÇΓöÇΓöÇΓöÇΓöÇΓöÇΓöÇΓöÇΓöÇΓöÇΓöÇΓöÇΓöÇΓöÇΓöÇΓöÇΓöÇΓöÇΓöÇΓöÇΓöÇΓöÇΓöÇΓöÇΓöÇΓöÇΓöÇΓöÇ  
   FAILED  Tests\Feature\ProfileTest > correct passwΓÇª   
  Session is missing expected key [errors].
Failed asserting that false is true.

  at tests\Feature\ProfileTest.php:94
     90Γûò                 'password' => 'wrong-password',
     91Γûò             ]);
     92Γûò 
     93Γûò         $response
  Γ₧£  94Γûò             ->assertSessionHasErrors('password')
     95Γûò             ->assertRedirect('/profile');
     96Γûò 
     97Γûò         $this->assertNotNull($user->fresh());
     98Γûò     }


  Tests:    8 failed, 17 passed (43 assertions)
  Duration: 10.06s

